ParseFailed (SrcLoc {srcFilename = "tests/examples/BangPatterns.hs", srcLine = 9, srcColumn = 1}) "BangPatterns is not enabled"