ParseFailed (SrcLoc {srcFilename = "tests/examples/CParser.hs", srcLine = 866, srcColumn = 1}) "Parse error in expression: HappyA #\n  \"\\NUL\\NUL\\GS\\SI\\211\\t1\\SI\\NUL\\NUL\\128\\a\\NUL\\NUL\\DEL\\tw\\SI1\\SI\\NUL\\NUL\\200\\t\\US\\ENQ\\ENQ\\ENQ\\DEL\\ETX\\240\\EOTe\\bT\\bI\\b>\\b\\198\\EOT\\NUL\\NUL+\\b\\239\\a\\NUL\\NUL\\NUL\\NUL\\v\\t\\NUL\\NUL\\NUL\\NUL\\205\\SO\\205\\SO\\NUL\\NUL\\NUL\\NUL\\NUL\\NUL\\NUL\\NUL\\130\\EOT\\175\\SO\\150\\SO\\NUL\\NUL\\NUL\\NUL\\NUL\\NUL\\246\\a\\NUL\\NUL2\\SO\\DC4\\SO\\DC4\\SO\\&H\\bG\\b$\\b\\182\\a\\NUL\\NUL\\NUL\\NUL\\NUL\\NUL\\NUL\\NUL\\NUL\\NUL\\NUL\\NUL\\NUL\\NUL\\222\\a\\230\\a\\NUL\\NUL\\NUL\\NULJ\\ENQ\\210\\a\\251\\r\\208\\a\\214\\a\\211\\t\\245\\a$\\NUL\\237\\a\\251\\r\\236\\a\\213\\a\\198\\a\\NUL\\NULv\\a\\NUL\\NUL\\174\\a\\NUL\\NUL\\149\\EOT\\142\\EOT\\SOH\\SOH\\213\\DC1\\NUL\\NUL\\SOH\\SOH\\NUL\\NUL\\154\\EM\\154\\EM\\DC1\\CAN\\SOH\\CAN!\\b!\\b\\NUL\\NUL\\NUL\\NULq\\a\\NUL\\NUL\\166\\DC1\\NUL\\NUL\\NUL\\NUL\\NUL\\NUL\\217\\SOH\\NUL\\NUL\\NUL\\NUL\\NUL\\NULJ\\ENQ\\137\\DC2\\NUL\\NUL=\\SOH=\\SOH\\203\\a\\NUL\\NUL\\NUL\\NUL\\NUL\\NUL\\NUL\\NUL\\NUL\\NULk\\a\\NUL\\NUL\\NUL\\NUL\\NUL\\NUL\\NUL\\NUL\\NUL\\NUL\\NUL\\NUL\\NUL\\NUL\\NUL\\NUL\\NUL\\NUL\\NUL\\NUL\\197\\a\\NUL\\NUL\\NUL\\NUL\\NUL\\NUL\\NUL\\NUL\\NUL\\NUL\\NUL\\NUL\\187\\a\\GS\\SIU\\a\\NUL\\NUL\\184\\ao\\tz\\SOHY\\a[\\a\\179\\DC2\\NUL\\NUL\\NUL\\NULK\\NUL\\178\\a\\180\\t\\170\\aK\\NUL\\134\\a\\NUL\\NUL\\NUL\\NUL\\NUL\\NUL\\237\\SOH\\NUL\\NUL\\NUL\\NUL\\167\\a\\NUL\\NUL\\NUL\\NUL\\NUL\\NUL\\NUL\\NUL\\NUL\\NUL\\NUL\\NUL8\\CAN\\NUL\\NUL\\157\\a\\NUL\\NUL\\148\\CAN\\255\\nr\\a\\NUL\\NUL\\NUL\\NUL\\NUL\\NUL\\NUL\\NUL\\237\\SOH\\NUL\\NULw\\DC1\\151\\a\\NUL\\NUL\\163\\NUL\\NUL\\NUL\\NUL\\NUL\\NUL\\NUL\\NUL\\NUL\\NUL\\NUL\\NUL\\NUL\\NUL\\NUL\\NUL\\NUL\\NUL\\NUL\\NUL\\NUL\\NUL\\NUL\\NUL\\NUL\\NUL\\NUL\\NUL\\NUL\\NUL\\NUL\\NUL\\NUL\\NUL\\NUL\\NUL\\NUL\\NUL\\NUL\\NUL\\NUL\\NUL\\NULg\\a_\\a\\NUL\\NUL\\NUL\\NUL\\NUL\\NUL\\NUL\\NUL\\NUL\\NUL\\NUL\\NULb\\a\\NUL\\NULn\\STXH\\STX\\SI\\NULR\\a\\NUL\\NUL\\NUL\\NUL\\NUL\\NUL\\237\\SOH\\NUL\\NUL\\NUL\\NUL{\\a\\NUL\\NULO\\aS\\a\\NUL\\NUL\\ESC\\a\\NUL\\NUL\\ESC\\a\\NUL\\NUL\\NUL\\NUL\\251\\r\\251\\r\\NUL\\NULM\\a\\251\\rA\\a\\251\\r\\NUL\\NULC\\b\\DC4\\a\\211\\t\\NUL\\NUL\\NUL\\NUL\\NUL\\NUL\\US\\NUL\\NUL\\NULe\\a\\NUL\\NUL.\\a\\244\\ACK\\NUL\\NUL\\195\\SUB\\195\\SUB\\251\\r\\NUL\\NUL\\v\\t\\NUL\\NUL\\NUL\\NUL\\240\\ACK\\NUL\\NUL\\NUL\\NUL\\v\\t\\NUL\\NUL\\v\\t\\NUL\\NUL\\NUL\\NUL\\NUL\\NULN\\a\\151\\ETX\\231\\SUB\\171\\EOT\\171\\EOTz\\nL\\aK\\a\\159\\SUB\\251\\r\\251\\r\\151\\r\\251\\r\\251\\r\\251\\r\\251\\r\\251\\r\\251\\r\\251\\r\\251\\r\\251\\r\\251\\r\\251\\r\\251\\r\\251\\r\\251\\r\\251\\r\\251\\r\\251\\r\\NUL\\NUL\\251\\r\\NUL\\NUL\\NUL\\NUL\\NUL\\NUL\\NUL\\NUL\\NUL\\NUL\\NUL\\NUL\\NUL\\NUL\\NUL\\NUL\\NUL\\NUL\\NUL\\NUL\\NUL\\NUL|\\r\\251\\r6\\EOT6\\EOT\\NUL\\NUL\\NUL\\NUL\\NUL\\NUL\\NUL\\NUL\\NUL\\NUL\\NUL\\NULD\\an\\SOH\\NUL\\NUL\\NUL\\NUL\\NUL\\NUL\\NUL\\NUL\\NUL\\NUL\\NUL\\NUL\\163\\t\\163\\t\\138\\EOT\\138\\EOTO\\EOTO\\EOTO\\EOTO\\EOT\\DEL\\ETX\\DEL\\ETX\\GS\\EOT5\\a+\\a\\SYN\\a\\f\\a\\251\\r%\\a\\NUL\\NUL\\251\\ACK\\NUL\\NULa\\r\\NUL\\NUL\\NUL\\NUL\\NUL\\NUL\\183\\ACKW\\SUB3\\SUBH\\DC1\\NUL\\SI\\NUL\\NUL\\NUL\\NUL\\SI\\a\\SO\\a\\NUL\\NUL\\243\\ACK\\221\\ACK\\219\\ACK\\199\\ACK\\211\\t\\223\\a\\173\\ACK\\148\\ACK|\\ACK\\211\\t\\251\\r\\NUL\\NUL\\203\\ACKl\\EM\\171\\ACK\\167\\ACK\\NUL\\NUL\\196\\ACK\\NUL\\NUL\\195\\ACK\\193\\ACK\\234\\NUL\\216\\NUL8\\CAN\\161\\ACK]\\ACK\\170\\ACK\\NUL\\NULo\\t8\\CAN\\134\\ACK\\NUL\\NUL\\NUL\\NUL\\RS\\EM[\\v\\NUL\\NUL\\NUL\\NUL\\177\\SOH\\147\\SOH\\142\\ACK\\136\\ACK\\SI\\NULG\\NUL\\147\\SOH\\NUL\\NUL8\\CANf\\ACK\\NUL\\NULI\\ACK\\NUL\\NULo\\t>\\ACK\\NUL\\NUL\\NUL\\NUL\\NUL\\NUL\\NUL\\NUL\\237\\SOH\\NUL\\NULb\\ACK\\NUL\\NUL8\\CAN=\\ACK\\NUL\\NUL\\155\\n\\NUL\\NUL)\\ACK\\224\\v\\t\\NUL\\206\\ENQt\\STX\\255\\SIt\\STX!\\b!\\b\\208\\SI$\\ACK\\251\\ENQ\\NUL\\NUL\\ESC\\SOHE\\EM\\NUL\\NUL\\NUL\\NUL\\NUL\\NUL\\NUL\\NUL\\216\\NUL\\EM\\DC1\\216\\NUL\\234\\DLEZ\\DC2o\\t8\\CAN\\EOT\\ACK\\NUL\\NUL\\EM\\ACK\\158\\t\\DC2\\NUL\\DC2\\NUL\\SI\\NUL\\NUL\\NUL\\SI\\NUL\\NUL\\NUL\\SI\\NUL\\NUL\\NUL\\NUL\\NUL\\220\\f\\t\\ACK\\244\\ENQ\\204\\ETX\\ETX\\ACK\\254\\ENQw\\NUL\\202\\NUL\\NUL\\NUL\\NUL\\NUL\\239\\ENQ\\NUL\\NUL\\NUL\\NUL\\205\\STX\\NUL\\NUL\\203\\ENQ\\204\\ETX\\170\\ENQ\\NUL\\NUL\\NUL\\NUL\\NUL\\NUL\\220\\fK\\t\\NUL\\NUL\\SI\\NUL\\NUL\\NUL\\253\\f\\NUL\\NUL\\200\\ENQ\\193\\ENQ\\140\\ENQ\\140\\ENQ\\187\\DLE\\NUL\\NUL\\241\\NUL\\201\\NUL\\140\\ENQ\\NUL\\NULV\\ENQf\\CAN\\NUL\\NULS\\ENQ\\NUL\\NUL\\240\\CAN\\194\\CAN\\161\\SI\\222\\DC2S\\ENQS\\ENQ\\NUL\\NULr\\SII\\aS\\ENQ\\NUL\\NULS\\ENQS\\ENQ\\NUL\\NUL\\171\\EOTb\\f\\157\\ENQ\\155\\ENQ\\t\\NUL\\NUL\\NUL\\144\\ENQF\\ENQ7\\n\\t\\NUL\\NUL\\NUL\\NUL\\NULo\\t8\\CANm\\ENQ\\NUL\\NUL\\143\\ENQ\\141\\ENQ\\220\\ETB\\NUL\\NUL\\NUL\\NUL\\NUL\\NUL/\\t\\132\\ENQ\\SO\\NUL\\190\\NUL\\131\\ENQ\\SI\\NUL\\SI\\NUL,\\t\\NUL\\NUL\\NUL\\NUL\\NUL\\NUL\\227\\ne\\NUL\\NUL\\NUL\\NUL\\NUL\\129\\ENQy\\ENQ\\DLE\\ENQ\\NUL\\NUL\\NUL\\NUL\\NUL\\NUL5\\ENQ5\\ENQ\\211\\t\\211\\t\\211\\t\\NUL\\NUL\\251\\r\\251\\r\\251\\rB\\ENQ\\NUL\\NUL\\170\\SOH\\201\\ETX\\223\\a\\242\\EOT\\NUL\\NUL#\\ENQ\\NUL\\NUL\\NUL\\NUL\\NUL\\NUL\\NUL\\NUL\\216\\NUL\\140\\DLE\\216\\NUL]\\DLE-\\ENQ\\167\\b\\NUL\\NUL{\\SUB\\154\\ETX{\\SUB\\FS\\ENQ\\FS\\ENQ\\FS\\ENQ0\\f\\NUL\\NUL\\162\\t1\\ENQ/\\ENQ-\\NUL3\\DC2\\NUL\\NUL\\NUL\\NUL\\254\\v\\251\\r\\NUL\\NUL\\251\\r\\NUL\\NUL\\251\\r\\NUL\\NUL\\NUL\\NUL\\NUL\\NUL\\NUL\\NUL\\NUL\\NUL\\179\\STX\\253\\f\\220\\STX\\NUL\\NUL\\153\\SOH\\NUL\\NUL\\212\\EOT\\251\\r\\154\\ETX\\254\\v!\\ENQ\\r\\ENQ\\DC3\\NUL\\NUL\\NUL\\SI\\NUL\\NUL\\NUL\\NUL\\NUL\\NUL\\NUL\\NUL\\NUL\\171\\EOT\\t\\ENQ\\237\\STX\\NUL\\NUL\\249\\EOT\\NUL\\NUL\\192\\EOT.\\DLE\\192\\EOT\\192\\EOT\\192\\EOT\\NUL\\NUL\\163\\ETX\\137\\EOT\\NUL\\NUL\\162\\EOT*\\NUL\\211\\t\\199\\EOT\\156\\EOT\\151\\EOT\\DEL\\EOT\\NUL\\NUL\\NUL\\NUL\\136\\EOT\\136\\EOT\\161\\EOT\\NUL\\NUL\\NUL\\NUL\\\"\\t\\NUL\\NUL\\NUL\\NUL+\\NUL\\NUL\\NUL\\NUL\\NUL\\NUL\\NUL\\NUL\\NUL\\224\\n\\SI\\NUL\\NUL\\NUL\\175\\ETB\\212\\STX\\NUL\\NUL\\160\\ETX\\152\\ETX\\SI\\SUB\\194\\DC2\\NUL\\NUL\\NUL\\NUL\\190\\EM\\NUL\\NUL\\NUL\\NUL\\NUL\\NUL\\NUL\\NUL\\159\\EOT\\154\\EOT\\139\\EOT\\134\\EOT\\t\\NUL\\n\\EOT\\NUL\\NULz\\EOT\\NUL\\NUL\\NUL\\NULh\\EOT\\251\\r\\NUL\\NUL\\NUL\\NUL\\NUL\\NUL\\180\\EOT\\159\\NUL\\EOT\\DC2\\NUL\\NUL\\NUL\\NUL\\220\\n>\\t$\\n\\NUL\\NUL\\NUL\\NUL\\NUL\\NUL\\NUL\\NUL\\US\\SOH+\\NUL+\\NUL\\SYN\\EOT\\NUL\\NUL\\NUL\\NUL\\NUL\\NUL\\NUL\\NUL\\NUL\\NULG\\STX\\251\\r\\244\\NUL\\NUL\\NUL\\228\\fd\\EOTw\\NUL\\NUL\\NUL\\NUL\\NUL\\NUL\\NUL\\168\\NUL\\NUL\\NUL\\NUL\\NUL\\NUL\\NUL\\NUL\\NUL\\222\\NUL\\NUL\\NUL+\\NUL_\\SOH\\205\\NUL>\\EOT\\NUL\\NUL\\NUL\\NUL\\251\\r<\\EOT\\NUL\\NUL\\NUL\\NUL\\NUL\\NUL\\NUL\\NUL\\NUL\\NUL\\221\\ETX\\ESC\\EOT\\251\\r\\158\\NUL\\235\\EM\\200\\ETX\\NUL\\NUL\\200\\ETX\\NUL\\NUL\\200\\ETX\\ACK\\EOT\\251\\r\\NUL\\NUL\\NUL\\NUL\\205\\NUL\\US\\t\\NUL\\NUL\\NUL\\NUL\\NUL\\NUL\\NUL\\NUL\\211\\t\\251\\r\\251\\r\\245\\ETX\\NUL\\NUL\\n\\SOH\\239\\ETX\\NUL\\NUL\\SUB\\EOTI\\ETX\\NUL\\NUL\\NUL\\NUL\\NUL\\NUL\\NUL\\NUL\\NUL\\NUL\\NUL\\NUL\\223\\ETX\\NUL\\NUL\\NUL\\NUL\\NUL\\NUL\\251\\r@\\ETX\\NUL\\NUL\\NUL\\NUL\\NUL\\NUL\\SI\\NUL\\NUL\\NUL\\151\\SOH\\NUL\\NUL\\DLE\\NUL\\NUL\\NUL\\NUL\\NUL\\NUL\\NUL\\NUL\\NUL\\NUL\\NUL|\\v\\NUL\\NUL\\NUL\\NUL\\128\\f\\NUL\\NUL\\NUL\\NUL\\251\\rc\\v\\NUL\\NUL\\NUL\\NUL\\NUL\\NUL\\ETX\\EOT\\NUL\\NUL\\SOH\\EOT\\225\\ETX\\251\\r*\\NUL\\182\\ETX*\\NUL\\NUL\\NUL\\216\\ETX\\211\\ETX\\NUL\\NUL\\NUL\\NUL\\NUL\\NUL\\251\\r\\NUL\\NUL\\158\\NUL\\212\\STXj\\ETX\\NUL\\NUL\\251\\r\\NUL\\NUL\\NUL\\NUL\\185\\ETX\\NUL\\NUL\\NUL\\NUL\\NUL\\NUL\\251\\r\\NUL\\NUL\\NUL\\NUL\\NUL\\NULJ\\ETXJ\\ETX\\NUL\\NUL\\211\\t\\211\\t\\213\\NUL\\NUL\\NUL\\NUL\\NUL\\168\\ETX;\\ETX;\\ETX\\NUL\\NUL\\NUL\\NULz\\ETX\\NUL\\NUL\\NUL\\NULt\\ETXr\\ETX\\NUL\\NULF\\ETX\\v\\ETX\\NUL\\NUL\\NUL\\NUL\\NUL\\NUL\\NUL\\NUL\\NAK\\NUL\\NUL\\NUL\\NUL\\NUL\\251\\r\\251\\rl\\ETX[\\ETX\\ETB\\ETX\\233\\STX\\NUL\\NUL\\NUL\\NUL\\NUL\\NUL\\NUL\\NUL\\NUL\\NUL\" #"