ParseFailed (SrcLoc {srcFilename = "tests/examples/DataHeadParen.hs", srcLine = 5, srcColumn = 1}) "TypeOperators is not enabled"
