ParseFailed (SrcLoc {srcFilename = "tests/examples/DataKinds.hs", srcLine = 4, srcColumn = 28}) "DataKinds is not enabled"