Roundtrip test failed

AST 1:

Module (SrcLoc "" -1 -1) (ModuleName "Main") [] Nothing (Just [EVar NoNamespace (UnQual (Ident "main"))]) [] [TypeSig (SrcLoc "" -1 -1) [Ident "happyThen"] (Type (TyForall Nothing [] (Type (TyApp (Type (TyCon (UnQual (Ident "P")))) (Type (TyVar (Ident "a")))))))]

AST 2:

Module (SrcLoc "" -1 -1) (ModuleName "Main") [] Nothing (Just [EVar NoNamespace (UnQual (Ident "main"))]) [] [TypeSig (SrcLoc "" -1 -1) [Ident "happyThen"] (Type (TyApp (Type (TyCon (UnQual (Ident "P")))) (Type (TyVar (Ident "a")))))]

