{-# LANGUAGE RecordWildCards #-}
module Main (main) where
main = print "hello"
