ParseFailed (SrcLoc "tests/examples/Lib.hs" 9 12) "Parse error: Int"
