ParseFailed (SrcLoc {srcFilename = "tests/examples/MultiWayIf.hs", srcLine = 8, srcColumn = 1}) "MultiWayIf is not enabled"