ParseFailed (SrcLoc {srcFilename = "tests/examples/MultiCtxt.hs", srcLine = 6, srcColumn = 1}) "ExplicitForAll is not enabled"