{-# OPTIONS -fno-warn-orphans #-}
module Main (main) where
