ParseFailed
  (SrcLoc "tests/examples/Ppr048.hs" 4 1) "Parse error: ;"
