ParseFailed (SrcLoc {srcFilename = "tests/examples/QuasiQuoteLines.hs", srcLine = 7, srcColumn = 1}) "Parse error: ;"
