ParseFailed (SrcLoc {srcFilename = "tests/examples/QuasiQuoteOld.hs", srcLine = 7, srcColumn = 1}) "Parse error: ;"