ParseFailed (SrcLoc {srcFilename = "tests/examples/QuasiQuoteToplevel.hs", srcLine = 4, srcColumn = 1}) "Parse error: ;"
