ParseFailed (SrcLoc "tests/examples/RCategory.lhs" 20 9) "MultiParamTypeClasses is not enabled"
