ParseFailed (SrcLoc {srcFilename = "tests/examples/RealGHC.lhs", srcLine = 1, srcColumn = 1}) "Parse error: %"
