ParseFailed (SrcLoc "tests/examples/RecordWildcardError.hs" 1 12) "RecordWildCards is not enabled"
