ParseFailed (SrcLoc {srcFilename = "tests/examples/RelaxedDo.hs", srcLine = 9, srcColumn = 3}) "Parse error: Last statement in a do-block must be an expression"
