ParseFailed (SrcLoc "tests/examples/T11727.hs" 5 10) "Parse error: ,"
