ParseFailed
  (SrcLoc "tests/examples/T13050.hs" 5 12) "Parse error: _"
