ParseFailed (SrcLoc {srcFilename = "tests/examples/THTypes.hs", srcLine = 9, srcColumn = 9}) "Parse error: instance"
