ParseFailed (SrcLoc {srcFilename = "tests/examples/TupleSections.hs", srcLine = 3, srcColumn = 18}) "TupleSections is not enabled"
