ParseFailed (SrcLoc {srcFilename = "tests/examples/TypeOperatorAsVariable.hs", srcLine = 5, srcColumn = 1}) "TypeOperators is not enabled"
