ParseFailed (SrcLoc {srcFilename = "tests/examples/TypeFunctions.hs", srcLine = 5, srcColumn = 23}) "Parse error: *"