ParseFailed (SrcLoc {srcFilename = "tests/examples/UnboxedSingleton.hs", srcLine = 3, srcColumn = 15}) "Parse error: )"
