ParseFailed (SrcLoc {srcFilename = "tests/examples/UnicodeSyntax.hs", srcLine = 7, srcColumn = 1}) "TemplateHaskell is not enabled"
