ParseFailed (SrcLoc "tests/examples/Unpack.hs" 4 41) "Parse error: ->"
